<?xml version="1.0" encoding="UTF-8"?>
<testsuites>
  <testsuite name="D:\worksites\canvastack\projects\canvastencil\backend\phpunit.xml" tests="1" assertions="1" errors="0" failures="1" skipped="0" time="9.109583">
    <testsuite name="Integration" tests="1" assertions="1" errors="0" failures="1" skipped="0" time="9.109583">
      <testsuite name="Tests\Integration\PostAcceptanceWorkflowTest" file="D:\worksites\canvastack\projects\canvastencil\backend\tests\Integration\PostAcceptanceWorkflowTest.php" tests="1" assertions="1" errors="0" failures="1" skipped="0" time="9.109583">
        <testcase name="test_complete_quote_acceptance_flow_updates_order_status" file="D:\worksites\canvastack\projects\canvastencil\backend\tests\Integration\PostAcceptanceWorkflowTest.php" line="128" class="Tests\Integration\PostAcceptanceWorkflowTest" classname="Tests.Integration.PostAcceptanceWorkflowTest" assertions="1" time="9.109583">
          <failure type="PHPUnit\Framework\ExpectationFailedException">Tests\Integration\PostAcceptanceWorkflowTest::test_complete_quote_acceptance_flow_updates_order_status&#13;
Expected response status code [200] but received 500.
Failed asserting that 500 is identical to 200.
&#13;
D:\worksites\canvastack\projects\canvastencil\backend\vendor\laravel\framework\src\Illuminate\Testing\TestResponse.php:148
D:\worksites\canvastack\projects\canvastencil\backend\tests\Integration\PostAcceptanceWorkflowTest.php:154</failure>
          <system-out>ℹ️  No duplicate categories found
</system-out>
        </testcase>
      </testsuite>
    </testsuite>
  </testsuite>
</testsuites>
